This is the command line I used.

"nathankeller~$ mkdir git_and_gh_practice
nathankeller~$ ls
Applications		Documents		Google Drive		Movies			Pictures		fork_practice		git_homework
Desktop			Downloads		Library			Music			Public			git_and_gh_practice	quotes.txt
nathankeller~$ cd git_and_gh_practice
nathankeller~/git_and_gh_practice$ git init
Initialized empty Git repository in /Users/nathankeller/git_and_gh_practice/.git/
nathankeller~/git_and_gh_practice$ touch hobbies.txt travels.txt
nathankeller~/git_and_gh_practice$ git commit -m "Initial committ"
On branch master

Initial commit

Untracked files:
	hobbies.txt
	travels.txt

nothing added to commit but untracked files present
nathankeller~/git_and_gh_practice$ atom .
nathankeller~/git_and_gh_practice$ ls
hobbies.txt	travels.txt
nathankeller~/git_and_gh_practice$ git add hobbies.txt travels.txt
nathankeller~/git_and_gh_practice$ git commit -m "Added text to travels.txt"
[master (root-commit) 9310149] Added text to travels.txt
 2 files changed, 0 insertions(+), 0 deletions(-)
 create mode 100644 hobbies.txt
 create mode 100644 travels.txt
nathankeller~/git_and_gh_practice[master]$ git remote add origin git@github.com:nkeller1/git_and_gh_practice.git
nathankeller~/git_and_gh_practice[master]$ git remote -u
error: unknown switch `u'
usage: git remote [-v | --verbose]
   or: git remote add [-t <branch>] [-m <master>] [-f] [--tags | --no-tags] [--mirror=<fetch|push>] <name> <url>
   or: git remote rename <old> <new>
   or: git remote remove <name>
   or: git remote set-head <name> (-a | --auto | -d | --delete | <branch>)
   or: git remote [-v | --verbose] show [-n] <name>
   or: git remote prune [-n | --dry-run] <name>
   or: git remote [-v | --verbose] update [-p | --prune] [(<group> | <remote>)...]
   or: git remote set-branches [--add] <name> <branch>...
   or: git remote get-url [--push] [--all] <name>
   or: git remote set-url [--push] <name> <newurl> [<oldurl>]
   or: git remote set-url --add <name> <newurl>
   or: git remote set-url --delete <name> <url>

    -v, --verbose         be verbose; must be placed before a subcommand

nathankeller~/git_and_gh_practice[master]$ git push -u origin master
Enumerating objects: 3, done.
Counting objects: 100% (3/3), done.
Delta compression using up to 4 threads
Compressing objects: 100% (2/2), done.
Writing objects: 100% (3/3), 239 bytes | 239.00 KiB/s, done.
Total 3 (delta 0), reused 0 (delta 0)
To github.com:nkeller1/git_and_gh_practice.git
 * [new branch]      master -> master
Branch 'master' set up to track remote branch 'master' from 'origin'."
"
